[INFO] Scanning for projects...
[INFO] 
[INFO] -----------------------< com.greencoin:backend >------------------------
[INFO] Building Green Coin Backend 0.0.1-SNAPSHOT
[INFO]   from pom.xml
[INFO] --------------------------------[ jar ]---------------------------------
[INFO] 
[INFO] --- resources:3.3.1:resources (default-resources) @ backend ---
[INFO] Copying 1 resource from src\main\resources to target\classes
[INFO] Copying 0 resource from src\main\resources to target\classes
[INFO] 
[INFO] --- compiler:3.11.0:compile (default-compile) @ backend ---
[INFO] Changes detected - recompiling the module! :source
[INFO] Compiling 25 source files with javac [debug release 17] to target\classes
[INFO] -------------------------------------------------------------
[ERROR] COMPILATION ERROR : 
[INFO] -------------------------------------------------------------
[ERROR] /C:/Users/jerin/OneDrive/Desktop/greencoin/backend/src/main/java/com/greencoin/controller/WasteReportController.java:[86,53] incompatible types: java.util.Optional<com.greencoin.model.User> cannot be converted to com.greencoin.model.User
[ERROR] /C:/Users/jerin/OneDrive/Desktop/greencoin/backend/src/main/java/com/greencoin/controller/WasteReportController.java:[102,53] incompatible types: java.util.Optional<com.greencoin.model.User> cannot be converted to com.greencoin.model.User
[INFO] 2 errors 
[INFO] -------------------------------------------------------------
[INFO] ------------------------------------------------------------------------
[INFO] BUILD FAILURE
[INFO] ------------------------------------------------------------------------
[INFO] Total time:  3.546 s
[INFO] Finished at: 2026-02-05T23:05:22+05:30
[INFO] ------------------------------------------------------------------------
[ERROR] Failed to execute goal org.apache.maven.plugins:maven-compiler-plugin:3.11.0:compile (default-compile) on project backend: Compilation failure: Compilation failure: 
[ERROR] /C:/Users/jerin/OneDrive/Desktop/greencoin/backend/src/main/java/com/greencoin/controller/WasteReportController.java:[86,53] incompatible types: java.util.Optional<com.greencoin.model.User> cannot be converted to com.greencoin.model.User
[ERROR] /C:/Users/jerin/OneDrive/Desktop/greencoin/backend/src/main/java/com/greencoin/controller/WasteReportController.java:[102,53] incompatible types: java.util.Optional<com.greencoin.model.User> cannot be converted to com.greencoin.model.User
[ERROR] -> [Help 1]
[ERROR] 
[ERROR] To see the full stack trace of the errors, re-run Maven with the -e switch.
[ERROR] Re-run Maven using the -X switch to enable full debug logging.
[ERROR] 
[ERROR] For more information about the errors and possible solutions, please read the following articles:
[ERROR] [Help 1] http://cwiki.apache.org/confluence/display/MAVEN/MojoFailureException
